
> build:react
> vite build --config vite.config.ts

vite v8.0.8 building client environment for production...
[2Ktransforming...✓ 4755 modules transformed.
✗ Build failed in 655ms
error during build:
Build failed with 1 error:

[31m[UNRESOLVED_IMPORT] Error:[0m Could not resolve '../../app/supabaseConfig' in src/react/features/caixa/services/caixaApi.ts
   [38;5;246m╭[0m[38;5;246m─[0m[38;5;246m[[0m src/react/features/caixa/services/caixaApi.ts:1:35 [38;5;246m][0m
   [38;5;246m│[0m
 [38;5;246m1 │[0m [38;5;249mi[0m[38;5;249mm[0m[38;5;249mp[0m[38;5;249mo[0m[38;5;249mr[0m[38;5;249mt[0m[38;5;249m [0m[38;5;249m{[0m[38;5;249m [0m[38;5;249mg[0m[38;5;249me[0m[38;5;249mt[0m[38;5;249mS[0m[38;5;249mu[0m[38;5;249mp[0m[38;5;249ma[0m[38;5;249mb[0m[38;5;249ma[0m[38;5;249ms[0m[38;5;249me[0m[38;5;249mC[0m[38;5;249mo[0m[38;5;249mn[0m[38;5;249mf[0m[38;5;249mi[0m[38;5;249mg[0m[38;5;249m [0m[38;5;249m}[0m[38;5;249m [0m[38;5;249mf[0m[38;5;249mr[0m[38;5;249mo[0m[38;5;249mm[0m[38;5;249m [0m"../../app/supabaseConfig"[38;5;249m;[0m
 [38;5;240m  │[0m                                   ─────────────┬────────────  
 [38;5;240m  │[0m                                                ╰────────────── Module not found.
 [38;5;240m  │[0m 
 [38;5;240m  │[0m [38;5;115mHelp[0m: 'src/react/features/caixa/services/caixaApi.ts' is imported by the following path:
 [38;5;240m  │[0m         - src/react/features/caixa/services/caixaApi.ts
 [38;5;240m  │[0m         - src/react/features/caixa/components/CaixaPilotPage.tsx
 [38;5;240m  │[0m         - src/react/features/caixa/pages/CaixaRoutePage.tsx
 [38;5;240m  │[0m         - src/react/app/router/AppRouter.tsx
 [38;5;240m  │[0m         - src/react/app/bootstrap/AppBootstrap.tsx
 [38;5;240m  │[0m         - src/react/App.tsx
 [38;5;240m  │[0m         - src/react/main.tsx
 [38;5;240m  │[0m         - index.html
[38;5;246m───╯[0m

    at aggregateBindingErrorsIntoJsError (file:///Users/larrat/sistema_comercial/sistema_comercial-1/node_modules/rolldown/dist/shared/error-w0u7biK-.mjs:48:18)
    at unwrapBindingResult (file:///Users/larrat/sistema_comercial/sistema_comercial-1/node_modules/rolldown/dist/shared/error-w0u7biK-.mjs:18:128)
    at #build (file:///Users/larrat/sistema_comercial/sistema_comercial-1/node_modules/rolldown/dist/shared/rolldown-build-DtGk-m96.mjs:3313:34)
    at async buildEnvironment (file:///Users/larrat/sistema_comercial/sistema_comercial-1/node_modules/vite/dist/node/chunks/node.js:32954:64)
    at async Object.build (file:///Users/larrat/sistema_comercial/sistema_comercial-1/node_modules/vite/dist/node/chunks/node.js:33376:19)
    at async Object.buildApp (file:///Users/larrat/sistema_comercial/sistema_comercial-1/node_modules/vite/dist/node/chunks/node.js:33373:153)
    at async CAC.<anonymous> (file:///Users/larrat/sistema_comercial/sistema_comercial-1/node_modules/vite/dist/node/cli.js:778:3) {
  errors: [Getter/Setter]
}
