
> build:react
> vite build --config vite.config.ts

vite v8.0.8 building client environment for production...
[2Ktransforming...✓ 4757 modules transformed.
✗ Build failed in 530ms
error during build:
Build failed with 1 error:

[31m[PARSE_ERROR] Error:[0m Identifier `Package` has already been declared
   [38;5;246m╭[0m[38;5;246m─[0m[38;5;246m[[0m src/react/features/compras/components/PedidoCompraForm.tsx:2:41 [38;5;246m][0m
   [38;5;246m│[0m
 [38;5;246m2 │[0m [38;5;249mi[0m[38;5;249mm[0m[38;5;249mp[0m[38;5;249mo[0m[38;5;249mr[0m[38;5;249mt[0m[38;5;249m [0m[38;5;249m{[0m[38;5;249m [0m[38;5;249mX[0m[38;5;249m,[0m[38;5;249m [0m[38;5;249mP[0m[38;5;249ml[0m[38;5;249mu[0m[38;5;249ms[0m[38;5;249m,[0m[38;5;249m [0m[38;5;249mT[0m[38;5;249mr[0m[38;5;249ma[0m[38;5;249ms[0m[38;5;249mh[0m[38;5;249m2[0m[38;5;249m,[0m[38;5;249m [0m[38;5;249mS[0m[38;5;249ma[0m[38;5;249mv[0m[38;5;249me[0m[38;5;249m,[0m[38;5;249m [0m[38;5;249mS[0m[38;5;249me[0m[38;5;249ma[0m[38;5;249mr[0m[38;5;249mc[0m[38;5;249mh[0m[38;5;249m,[0m[38;5;249m [0mPackage[38;5;249m [0m[38;5;249m}[0m[38;5;249m [0m[38;5;249mf[0m[38;5;249mr[0m[38;5;249mo[0m[38;5;249mm[0m[38;5;249m [0m[38;5;249m"[0m[38;5;249ml[0m[38;5;249mu[0m[38;5;249mc[0m[38;5;249mi[0m[38;5;249md[0m[38;5;249me[0m[38;5;249m-[0m[38;5;249mr[0m[38;5;249me[0m[38;5;249ma[0m[38;5;249mc[0m[38;5;249mt[0m[38;5;249m"[0m[38;5;249m;[0m
 [38;5;240m  │[0m                                         ───┬───  
 [38;5;240m  │[0m                                            ╰───── `Package` has already been declared here
 [38;5;240m  │[0m 
 [38;5;246m7 │[0m [38;5;249mi[0m[38;5;249mm[0m[38;5;249mp[0m[38;5;249mo[0m[38;5;249mr[0m[38;5;249mt[0m[38;5;249m [0m[38;5;249m{[0m[38;5;249m [0mPackage[38;5;249m [0m[38;5;249m}[0m[38;5;249m [0m[38;5;249mf[0m[38;5;249mr[0m[38;5;249mo[0m[38;5;249mm[0m[38;5;249m [0m[38;5;249m"[0m[38;5;249ml[0m[38;5;249mu[0m[38;5;249mc[0m[38;5;249mi[0m[38;5;249md[0m[38;5;249me[0m[38;5;249m-[0m[38;5;249mr[0m[38;5;249me[0m[38;5;249ma[0m[38;5;249mc[0m[38;5;249mt[0m[38;5;249m"[0m[38;5;249m;[0m
 [38;5;240m  │[0m          ───┬───  
 [38;5;240m  │[0m             ╰───── It can not be redeclared here
[38;5;246m───╯[0m

    at aggregateBindingErrorsIntoJsError (file:///Users/larrat/sistema_comercial/sistema_comercial-1/node_modules/rolldown/dist/shared/error-w0u7biK-.mjs:48:18)
    at unwrapBindingResult (file:///Users/larrat/sistema_comercial/sistema_comercial-1/node_modules/rolldown/dist/shared/error-w0u7biK-.mjs:18:128)
    at #build (file:///Users/larrat/sistema_comercial/sistema_comercial-1/node_modules/rolldown/dist/shared/rolldown-build-DtGk-m96.mjs:3313:34)
    at async buildEnvironment (file:///Users/larrat/sistema_comercial/sistema_comercial-1/node_modules/vite/dist/node/chunks/node.js:32954:64)
    at async Object.build (file:///Users/larrat/sistema_comercial/sistema_comercial-1/node_modules/vite/dist/node/chunks/node.js:33376:19)
    at async Object.buildApp (file:///Users/larrat/sistema_comercial/sistema_comercial-1/node_modules/vite/dist/node/chunks/node.js:33373:153)
    at async CAC.<anonymous> (file:///Users/larrat/sistema_comercial/sistema_comercial-1/node_modules/vite/dist/node/cli.js:778:3) {
  errors: [Getter/Setter]
}
