
> build:react
> vite build --config vite.config.ts

vite v8.0.8 building client environment for production...
[2Ktransforming...✓ 4757 modules transformed.
rendering chunks...
computing gzip size...
dist-react/index.html                                           4.19 kB │ gzip:   1.29 kB
dist-react/assets/main-eJd0ta94.css                           149.62 kB │ gzip:  24.17 kB
dist-react/assets/chevron-right-B2odk5JJ.js                     0.11 kB │ gzip:   0.12 kB
dist-react/assets/arrow-up-right-DrS3-Sga.js                    0.15 kB │ gzip:   0.14 kB
dist-react/assets/clock-B9aeUj3R.js                             0.15 kB │ gzip:   0.15 kB
dist-react/assets/trending-up-BA5Cz9HY.js                       0.16 kB │ gzip:   0.15 kB
dist-react/assets/circle-check-1ZG7veaS.js                      0.16 kB │ gzip:   0.15 kB
dist-react/assets/trending-down-CVqSNLMG.js                     0.16 kB │ gzip:   0.15 kB
dist-react/assets/upload-D39GKnqh.js                            0.21 kB │ gzip:   0.17 kB
dist-react/assets/circle-alert-BU9DcN7e.js                      0.23 kB │ gzip:   0.17 kB
dist-react/assets/zap-DknfgI-P.js                               0.24 kB │ gzip:   0.19 kB
dist-react/assets/triangle-alert-CHfJZ8qc.js                    0.25 kB │ gzip:   0.19 kB
dist-react/assets/shopping-cart-B0HkD_oT.js                     0.27 kB │ gzip:   0.22 kB
dist-react/assets/dollar-sign-CSayHw2I.js                       0.28 kB │ gzip:   0.22 kB
dist-react/assets/useInterModuleStore-DxHrS5C1.js               0.30 kB │ gzip:   0.17 kB
dist-react/assets/refresh-cw-B-6Fj0xx.js                        0.30 kB │ gzip:   0.21 kB
dist-react/assets/trash-2-DQH1o3Bq.js                           0.31 kB │ gzip:   0.20 kB
dist-react/assets/useFilialStore-CzSbhjqy.js                    0.31 kB │ gzip:   0.22 kB
dist-react/assets/shopping-bag-B9Bowdo_.js                      0.32 kB │ gzip:   0.23 kB
dist-react/assets/useApiContext-BRX6AzQp.js                     0.34 kB │ gzip:   0.23 kB
dist-react/assets/package-kllggF12.js                           0.35 kB │ gzip:   0.24 kB
dist-react/assets/file-text-BV6GidJf.js                         0.37 kB │ gzip:   0.23 kB
dist-react/assets/save-CjDFwbnu.js                              0.41 kB │ gzip:   0.25 kB
dist-react/assets/useRoleStore-BLkMQq_U.js                      0.42 kB │ gzip:   0.29 kB
dist-react/assets/useToastStore-CHoiYpsU.js                     0.50 kB │ gzip:   0.33 kB
dist-react/assets/useKeyboardShortcuts-CTF9UQmJ.js              0.55 kB │ gzip:   0.37 kB
dist-react/assets/useAnalytics-B4RtGzQ2.js                      0.60 kB │ gzip:   0.40 kB
dist-react/assets/react-CeIKUxV-.js                             0.64 kB │ gzip:   0.39 kB
dist-react/assets/tslib.es6-CE5N2Bz3.js                         0.67 kB │ gzip:   0.37 kB
dist-react/assets/FilialProvider-fgd9pHtd.js                    0.83 kB │ gzip:   0.47 kB
dist-react/assets/AcessosRoutePage-Cem6-gcO.js                  0.85 kB │ gzip:   0.51 kB
dist-react/assets/shallow-CQ7s_5P0.js                           0.86 kB │ gzip:   0.43 kB
dist-react/assets/routes-CEKNQu7k.js                            1.04 kB │ gzip:   0.38 kB
dist-react/assets/wave1Navigation-MUweGtzU.js                   1.18 kB │ gzip:   0.44 kB
dist-react/assets/preload-helper-DzyYoeor.js                    1.19 kB │ gzip:   0.68 kB
dist-react/assets/authApi-DyPdgQ97.js                           1.54 kB │ gzip:   0.68 kB
dist-react/assets/ContaReceberConfirmModal-CZwOdatY.js          1.76 kB │ gzip:   0.71 kB
dist-react/assets/LoginPage-DWTi6zrQ.js                         1.81 kB │ gzip:   0.91 kB
dist-react/assets/contasReceberApi-DjMXESbV.js                  1.95 kB │ gzip:   0.73 kB
dist-react/assets/SetupPage-q1t4vLy3.js                         2.05 kB │ gzip:   0.94 kB
dist-react/assets/useMutation-D7ifHtlb.js                       2.28 kB │ gzip:   0.94 kB
dist-react/assets/useAuthStore-yQP28E3O.js                      2.28 kB │ gzip:   0.98 kB
dist-react/assets/analytics-B6MrXNeo.js                         2.34 kB │ gzip:   1.07 kB
dist-react/assets/useGlobalAlerts-Cfhcogmi.js                   2.47 kB │ gzip:   1.15 kB
dist-react/assets/useProdutosQuery-egkGFf1w.js                  2.93 kB │ gzip:   0.85 kB
dist-react/assets/mutation-Bajw4Vuw.js                          3.37 kB │ gzip:   1.13 kB
dist-react/assets/SugestaoComprasRoutePage-CLKbBP3u.js          3.98 kB │ gzip:   1.68 kB
dist-react/assets/AnalyticsPage-C21HZpbn.js                     4.77 kB │ gzip:   1.48 kB
dist-react/assets/PedidoItemAdd-DX_tFMaL.js                     5.97 kB │ gzip:   2.15 kB
dist-react/assets/ConciliacaoBancariaRoutePage-B0uForLq.js      6.25 kB │ gzip:   2.71 kB
dist-react/assets/useRcas-b1mGGFDr.js                           6.34 kB │ gzip:   2.30 kB
dist-react/assets/RcasRoutePage-DJWnKMU_.js                     6.53 kB │ gzip:   2.63 kB
dist-react/assets/produtosApi-DvLFgGvt.js                       7.35 kB │ gzip:   2.42 kB
dist-react/assets/usePedidosQuery-CzFfZzBY.js                   7.63 kB │ gzip:   2.38 kB
dist-react/assets/FiliaisRoutePage-ditf9e-r.js                  7.80 kB │ gzip:   2.91 kB
dist-react/assets/ClienteForm-D5iBQGtj.js                       8.97 kB │ gzip:   3.09 kB
dist-react/assets/pedidosApi-iByBUxEM.js                       10.11 kB │ gzip:   3.24 kB
dist-react/assets/ClientesRoutePage-DQCYOzXg.js                12.79 kB │ gzip:   4.94 kB
dist-react/assets/build-CjWBCbi8.js                            13.17 kB │ gzip:   4.50 kB
dist-react/assets/ClienteCreateRoutePage-Dt-bOEd1.js           14.83 kB │ gzip:   4.60 kB
dist-react/assets/ComprasRoutePage-DfoanGmq.js                 16.68 kB │ gzip:   4.88 kB
dist-react/assets/ProdutoForm-4z1nodXD.js                      17.78 kB │ gzip:   5.28 kB
dist-react/assets/ProdutosRoutePage-CqPvarLo.js                19.35 kB │ gzip:   6.32 kB
dist-react/assets/RelatoriosRoutePage-CZnRaAJh.js              22.64 kB │ gzip:   6.54 kB
dist-react/assets/CampanhasRoutePage-ByRy69jb.js               23.02 kB │ gzip:   6.72 kB
dist-react/assets/ContasReceberRoutePage-CoeRw4s3.js           23.02 kB │ gzip:   6.78 kB
dist-react/assets/AreaChart-BSf4wL8b.js                        23.08 kB │ gzip:   6.59 kB
dist-react/assets/useQuery-DQRt31nw.js                         23.61 kB │ gzip:   7.82 kB
dist-react/assets/PedidosRoutePage-BtWeVsyd.js                 25.58 kB │ gzip:   8.00 kB
dist-react/assets/PedidoProfileRoutePage-DCtlTKQW.js           25.99 kB │ gzip:   6.93 kB
dist-react/assets/EstoqueRoutePage-BlXlJvQa.js                 26.49 kB │ gzip:   7.74 kB
dist-react/assets/PdvRoutePage-bEROUGOj.js                     28.22 kB │ gzip:   9.08 kB
dist-react/assets/DashboardRoutePage-BjajGMaL.js               32.42 kB │ gzip:   8.91 kB
dist-react/assets/dist-BBknXuFl.js                             32.53 kB │ gzip:   9.10 kB
dist-react/assets/ClienteProfileRoutePage-CcI-t-Ay.js          36.49 kB │ gzip:   9.55 kB
dist-react/assets/charts-CtD00ppX.js                           36.89 kB │ gzip:  10.86 kB
dist-react/assets/chunk-EVOBXE3Y-4TO7nwjB.js                   41.13 kB │ gzip:  14.51 kB
dist-react/assets/ProdutoProfileRoutePage-DaOm6wbD.js          43.14 kB │ gzip:  11.09 kB
dist-react/assets/CotacaoRoutePage-uziRtG3n.js                 52.29 kB │ gzip:  14.28 kB
dist-react/assets/schemas-DIclamg8.js                          85.42 kB │ gzip:  25.38 kB
dist-react/assets/floating-ui.dom-DX2br2Gs.js                  94.91 kB │ gzip:  33.15 kB
dist-react/assets/main-CTPqWCKT.js                            227.65 kB │ gzip:  71.10 kB
dist-react/assets/dist-CdLGOk1F.js                            267.05 kB │ gzip:  77.56 kB
dist-react/assets/ui-x5Otxl11.js                              577.67 kB │ gzip: 173.24 kB
dist-react/assets/dist-C_WWgmqC.js                            727.43 kB │ gzip: 184.71 kB
dist-react/assets/CaixaRoutePage-Cwwbmagi.js                1,441.70 kB │ gzip: 484.84 kB

✓ built in 929ms
[plugin builtin:vite-reporter] 
(!) Some chunks are larger than 500 kB after minification. Consider:
- Using dynamic import() to code-split the application
- Use build.rolldownOptions.output.codeSplitting to improve chunking: https://rolldown.rs/reference/OutputOptions.codeSplitting
- Adjust chunk size limit for this warning via build.chunkSizeWarningLimit.
