
[1m[30m[46m RUN [49m[39m[22m [36mv4.1.4 [39m[90m/Users/larrat/Sites/sistema_comercial[39m

[90mstdout[2m | src/react/features/clientes/components/ClientesPilotPage.test.tsx[2m > [22m[2mClientesPilotPage[2m > [22m[2mcria um novo cliente pelo formulario React
[22m[39mRendering ClientesPilotPage: { isFormOpen: [33mfalse[39m, editingId: [1mnull[22m, surfaceTab: [32m'lista'[39m }

[90mstdout[2m | src/react/features/clientes/components/ClientesPilotPage.test.tsx[2m > [22m[2mClientesPilotPage[2m > [22m[2mcria um novo cliente pelo formulario React
[22m[39mRendering ClientesPilotPage: { isFormOpen: [33mfalse[39m, editingId: [1mnull[22m, surfaceTab: [32m'lista'[39m }

[90mstdout[2m | src/react/features/clientes/components/ClientesPilotPage.test.tsx[2m > [22m[2mClientesPilotPage[2m > [22m[2mcria um novo cliente pelo formulario React
[22m[39mRendering ClientesPilotPage: { isFormOpen: [33mtrue[39m, editingId: [1mnull[22m, surfaceTab: [32m'lista'[39m }

[90mstdout[2m | src/react/features/clientes/components/ClientesPilotPage.test.tsx[2m > [22m[2mClientesPilotPage[2m > [22m[2mcria um novo cliente pelo formulario React
[22m[39mRendering ClientesPilotPage: { isFormOpen: [33mfalse[39m, editingId: [1mnull[22m, surfaceTab: [32m'lista'[39m }

[90mstdout[2m | src/react/features/clientes/components/ClientesPilotPage.test.tsx[2m > [22m[2mClientesPilotPage[2m > [22m[2medita cliente existente e atualiza a lista
[22m[39mRendering ClientesPilotPage: { isFormOpen: [33mfalse[39m, editingId: [1mnull[22m, surfaceTab: [32m'lista'[39m }

[90mstdout[2m | src/react/features/clientes/components/ClientesPilotPage.test.tsx[2m > [22m[2mClientesPilotPage[2m > [22m[2medita cliente existente e atualiza a lista
[22m[39mRendering ClientesPilotPage: { isFormOpen: [33mfalse[39m, editingId: [1mnull[22m, surfaceTab: [32m'lista'[39m }

[90mstdout[2m | src/react/features/clientes/components/ClientesPilotPage.test.tsx[2m > [22m[2mClientesPilotPage[2m > [22m[2medita cliente existente e atualiza a lista
[22m[39mRendering ClientesPilotPage: { isFormOpen: [33mtrue[39m, editingId: [32m'1'[39m, surfaceTab: [32m'lista'[39m }

[90mstdout[2m | src/react/features/clientes/components/ClientesPilotPage.test.tsx[2m > [22m[2mClientesPilotPage[2m > [22m[2medita cliente existente e atualiza a lista
[22m[39mRendering ClientesPilotPage: { isFormOpen: [33mfalse[39m, editingId: [1mnull[22m, surfaceTab: [32m'lista'[39m }

[90mstdout[2m | src/react/features/clientes/components/ClientesPilotPage.test.tsx[2m > [22m[2mClientesPilotPage[2m > [22m[2medita cliente existente e atualiza a lista
[22m[39mRendering ClientesPilotPage: { isFormOpen: [33mfalse[39m, editingId: [1mnull[22m, surfaceTab: [32m'lista'[39m }

[90mstdout[2m | src/react/features/clientes/components/ClientesPilotPage.test.tsx[2m > [22m[2mClientesPilotPage[2m > [22m[2mremove cliente da lista pelo fluxo real de exclusao
[22m[39mRendering ClientesPilotPage: { isFormOpen: [33mfalse[39m, editingId: [1mnull[22m, surfaceTab: [32m'lista'[39m }

[90mstdout[2m | src/react/features/clientes/components/ClientesPilotPage.test.tsx[2m > [22m[2mClientesPilotPage[2m > [22m[2mremove cliente da lista pelo fluxo real de exclusao
[22m[39mRendering ClientesPilotPage: { isFormOpen: [33mfalse[39m, editingId: [1mnull[22m, surfaceTab: [32m'lista'[39m }

[90mstdout[2m | src/react/features/clientes/components/ClientesPilotPage.test.tsx[2m > [22m[2mClientesPilotPage[2m > [22m[2mremove cliente da lista pelo fluxo real de exclusao
[22m[39mRendering ClientesPilotPage: { isFormOpen: [33mfalse[39m, editingId: [1mnull[22m, surfaceTab: [32m'lista'[39m }

[90mstdout[2m | src/react/features/clientes/components/ClientesPilotPage.test.tsx[2m > [22m[2mClientesPilotPage[2m > [22m[2mremove cliente da lista pelo fluxo real de exclusao
[22m[39mRendering ClientesPilotPage: { isFormOpen: [33mfalse[39m, editingId: [1mnull[22m, surfaceTab: [32m'lista'[39m }

[90mstdout[2m | src/react/features/clientes/components/ClientesPilotPage.test.tsx[2m > [22m[2mClientesPilotPage[2m > [22m[2mremove cliente da lista pelo fluxo real de exclusao
[22m[39mRendering ClientesPilotPage: { isFormOpen: [33mfalse[39m, editingId: [1mnull[22m, surfaceTab: [32m'lista'[39m }

[90mstdout[2m | src/react/features/clientes/components/ClientesPilotPage.test.tsx[2m > [22m[2mClientesPilotPage[2m > [22m[2mabre o perfil dedicado ao clicar em um cliente existente
[22m[39mRendering ClientesPilotPage: { isFormOpen: [33mfalse[39m, editingId: [1mnull[22m, surfaceTab: [32m'lista'[39m }

[90mstdout[2m | src/react/features/clientes/components/ClientesPilotPage.test.tsx[2m > [22m[2mClientesPilotPage[2m > [22m[2mabre o perfil dedicado ao clicar em um cliente existente
[22m[39mRendering ClientesPilotPage: { isFormOpen: [33mfalse[39m, editingId: [1mnull[22m, surfaceTab: [32m'lista'[39m }

[90mstdout[2m | src/react/features/clientes/components/ClientesPilotPage.test.tsx[2m > [22m[2mClientesPilotPage[2m > [22m[2mabre o perfil dedicado ao clicar em um cliente existente
[22m[39mRendering ClientesPilotPage: { isFormOpen: [33mfalse[39m, editingId: [1mnull[22m, surfaceTab: [32m'lista'[39m }

[90mstdout[2m | src/react/features/clientes/components/ClientesPilotPage.test.tsx[2m > [22m[2mClientesPilotPage[2m > [22m[2mabre novo formulario ao clicar no botao Novo cliente
[22m[39mRendering ClientesPilotPage: { isFormOpen: [33mfalse[39m, editingId: [1mnull[22m, surfaceTab: [32m'lista'[39m }

[90mstdout[2m | src/react/features/clientes/components/ClientesPilotPage.test.tsx[2m > [22m[2mClientesPilotPage[2m > [22m[2mabre novo formulario ao clicar no botao Novo cliente
[22m[39mRendering ClientesPilotPage: { isFormOpen: [33mfalse[39m, editingId: [1mnull[22m, surfaceTab: [32m'lista'[39m }

[90mstdout[2m | src/react/features/clientes/components/ClientesPilotPage.test.tsx[2m > [22m[2mClientesPilotPage[2m > [22m[2mabre novo formulario ao clicar no botao Novo cliente
[22m[39mRendering ClientesPilotPage: { isFormOpen: [33mtrue[39m, editingId: [1mnull[22m, surfaceTab: [32m'lista'[39m }

[90mstdout[2m | src/react/features/clientes/components/ClientesPilotPage.test.tsx[2m > [22m[2mClientesPilotPage[2m > [22m[2mabre formulario de edicao via menu de acoes
[22m[39mRendering ClientesPilotPage: { isFormOpen: [33mfalse[39m, editingId: [1mnull[22m, surfaceTab: [32m'lista'[39m }

[90mstdout[2m | src/react/features/clientes/components/ClientesPilotPage.test.tsx[2m > [22m[2mClientesPilotPage[2m > [22m[2mabre formulario de edicao via menu de acoes
[22m[39mRendering ClientesPilotPage: { isFormOpen: [33mfalse[39m, editingId: [1mnull[22m, surfaceTab: [32m'lista'[39m }

[90mstdout[2m | src/react/features/clientes/components/ClientesPilotPage.test.tsx[2m > [22m[2mClientesPilotPage[2m > [22m[2mabre formulario de edicao via menu de acoes
[22m[39mRendering ClientesPilotPage: { isFormOpen: [33mtrue[39m, editingId: [32m'1'[39m, surfaceTab: [32m'lista'[39m }

[90mstdout[2m | src/react/features/clientes/components/ClientesPilotPage.test.tsx[2m > [22m[2mClientesPilotPage[2m > [22m[2mlimpa filtros ao clicar no botao Limpar
[22m[39mRendering ClientesPilotPage: { isFormOpen: [33mfalse[39m, editingId: [1mnull[22m, surfaceTab: [32m'lista'[39m }

[90mstdout[2m | src/react/features/clientes/components/ClientesPilotPage.test.tsx[2m > [22m[2mClientesPilotPage[2m > [22m[2mlimpa filtros ao clicar no botao Limpar
[22m[39mRendering ClientesPilotPage: { isFormOpen: [33mfalse[39m, editingId: [1mnull[22m, surfaceTab: [32m'lista'[39m }

[90mstdout[2m | src/react/features/clientes/components/ClientesPilotPage.test.tsx[2m > [22m[2mClientesPilotPage[2m > [22m[2mlimpa filtros ao clicar no botao Limpar
[22m[39mRendering ClientesPilotPage: { isFormOpen: [33mfalse[39m, editingId: [1mnull[22m, surfaceTab: [32m'lista'[39m }

[90mstdout[2m | src/react/features/clientes/components/ClientesPilotPage.test.tsx[2m > [22m[2mClientesPilotPage[2m > [22m[2mlimpa filtros ao clicar no botao Limpar
[22m[39mRendering ClientesPilotPage: { isFormOpen: [33mfalse[39m, editingId: [1mnull[22m, surfaceTab: [32m'lista'[39m }

[90mstdout[2m | src/react/features/clientes/components/ClientesPilotPage.test.tsx[2m > [22m[2mClientesPilotPage[2m > [22m[2mlimpa filtros ao clicar no botao Limpar
[22m[39mRendering ClientesPilotPage: { isFormOpen: [33mfalse[39m, editingId: [1mnull[22m, surfaceTab: [32m'lista'[39m }

[90mstdout[2m | src/react/features/clientes/components/ClientesPilotPage.test.tsx[2m > [22m[2mClientesPilotPage[2m > [22m[2mlimpa filtros ao clicar no botao Limpar
[22m[39mRendering ClientesPilotPage: { isFormOpen: [33mfalse[39m, editingId: [1mnull[22m, surfaceTab: [32m'lista'[39m }

[90mstdout[2m | src/react/features/clientes/components/ClientesPilotPage.test.tsx[2m > [22m[2mClientesPilotPage[2m > [22m[2mlimpa filtros ao clicar no botao Limpar
[22m[39mRendering ClientesPilotPage: { isFormOpen: [33mfalse[39m, editingId: [1mnull[22m, surfaceTab: [32m'lista'[39m }

[90mstdout[2m | src/react/features/clientes/components/ClientesPilotPage.test.tsx[2m > [22m[2mClientesPilotPage[2m > [22m[2mlimpa filtros ao clicar no botao Limpar
[22m[39mRendering ClientesPilotPage: { isFormOpen: [33mfalse[39m, editingId: [1mnull[22m, surfaceTab: [32m'lista'[39m }

[90mstdout[2m | src/react/features/clientes/components/ClientesPilotPage.test.tsx[2m > [22m[2mClientesPilotPage[2m > [22m[2mlimpa filtros ao clicar no botao Limpar
[22m[39mRendering ClientesPilotPage: { isFormOpen: [33mfalse[39m, editingId: [1mnull[22m, surfaceTab: [32m'lista'[39m }

[90mstdout[2m | src/react/features/clientes/components/ClientesPilotPage.test.tsx[2m > [22m[2mClientesPilotPage[2m > [22m[2mlimpa filtros ao clicar no botao Limpar
[22m[39mRendering ClientesPilotPage: { isFormOpen: [33mfalse[39m, editingId: [1mnull[22m, surfaceTab: [32m'lista'[39m }

[90mstdout[2m | src/react/features/clientes/components/ClientesPilotPage.test.tsx[2m > [22m[2mClientesPilotPage[2m > [22m[2mlimpa filtros ao clicar no botao Limpar
[22m[39mRendering ClientesPilotPage: { isFormOpen: [33mfalse[39m, editingId: [1mnull[22m, surfaceTab: [32m'lista'[39m }

[90mstdout[2m | src/react/features/clientes/components/ClientesPilotPage.test.tsx[2m > [22m[2mClientesPilotPage[2m > [22m[2mlimpa filtros ao clicar no botao Limpar
[22m[39mRendering ClientesPilotPage: { isFormOpen: [33mfalse[39m, editingId: [1mnull[22m, surfaceTab: [32m'lista'[39m }

[90mstdout[2m | src/react/features/clientes/components/ClientesPilotPage.test.tsx[2m > [22m[2mClientesPilotPage[2m > [22m[2mlimpa filtros ao clicar no botao Limpar
[22m[39mRendering ClientesPilotPage: { isFormOpen: [33mfalse[39m, editingId: [1mnull[22m, surfaceTab: [32m'lista'[39m }

[90mstdout[2m | src/react/features/clientes/components/ClientesPilotPage.test.tsx[2m > [22m[2mClientesPilotPage[2m > [22m[2malterna para a superficie de segmentos ao clicar na aba
[22m[39mRendering ClientesPilotPage: { isFormOpen: [33mfalse[39m, editingId: [1mnull[22m, surfaceTab: [32m'lista'[39m }

[90mstdout[2m | src/react/features/clientes/components/ClientesPilotPage.test.tsx[2m > [22m[2mClientesPilotPage[2m > [22m[2malterna para a superficie de segmentos ao clicar na aba
[22m[39mRendering ClientesPilotPage: { isFormOpen: [33mfalse[39m, editingId: [1mnull[22m, surfaceTab: [32m'lista'[39m }

[90mstdout[2m | src/react/features/clientes/components/ClientesPilotPage.test.tsx[2m > [22m[2mClientesPilotPage[2m > [22m[2malterna para a superficie de segmentos ao clicar na aba
[22m[39mRendering ClientesPilotPage: { isFormOpen: [33mfalse[39m, editingId: [1mnull[22m, surfaceTab: [32m'segmentos'[39m }

[90mstdout[2m | src/react/features/clientes/components/ClientesPilotPage.test.tsx[2m > [22m[2mClientesPilotPage[2m > [22m[2mexporta csv ao clicar no botao Exportar CSV
[22m[39mRendering ClientesPilotPage: { isFormOpen: [33mfalse[39m, editingId: [1mnull[22m, surfaceTab: [32m'lista'[39m }

[90mstdout[2m | src/react/features/clientes/components/ClientesPilotPage.test.tsx[2m > [22m[2mClientesPilotPage[2m > [22m[2mexporta csv ao clicar no botao Exportar CSV
[22m[39mRendering ClientesPilotPage: { isFormOpen: [33mfalse[39m, editingId: [1mnull[22m, surfaceTab: [32m'lista'[39m }

 [31m❯[39m src/react/features/clientes/components/ClientesPilotPage.test.tsx [2m([22m[2m9 tests[22m[2m | [22m[31m2 failed[39m[2m)[22m[33m 2624[2mms[22m[39m
     [32m✓[39m cria um novo cliente pelo formulario React[32m 203[2mms[22m[39m
     [32m✓[39m edita cliente existente e atualiza a lista[32m 124[2mms[22m[39m
     [32m✓[39m remove cliente da lista pelo fluxo real de exclusao[32m 54[2mms[22m[39m
     [32m✓[39m abre o perfil dedicado ao clicar em um cliente existente[32m 24[2mms[22m[39m
[31m     [31m×[31m abre novo formulario ao clicar no botao Novo cliente[39m[33m 1034[2mms[22m[39m
[31m     [31m×[31m abre formulario de edicao via menu de acoes[39m[33m 1058[2mms[22m[39m
     [32m✓[39m limpa filtros ao clicar no botao Limpar[32m 77[2mms[22m[39m
     [32m✓[39m alterna para a superficie de segmentos ao clicar na aba[32m 27[2mms[22m[39m
     [32m✓[39m exporta csv ao clicar no botao Exportar CSV[32m 21[2mms[22m[39m

[31m⎯⎯⎯⎯⎯⎯⎯[39m[1m[41m Failed Tests 2 [49m[22m[31m⎯⎯⎯⎯⎯⎯⎯[39m

[41m[1m FAIL [22m[49m src/react/features/clientes/components/ClientesPilotPage.test.tsx[2m > [22mClientesPilotPage[2m > [22mabre novo formulario ao clicar no botao Novo cliente
[31m[1mTestingLibraryElementError[22m[39m: Found multiple elements by: [data-testid="cliente-form"]

Here are the matching elements:

Ignored nodes: comments, script, style
[36m<div[39m
  [33mclass[39m=[32m"w-full max-w-4xl max-h-[90vh] overflow-y-auto bg-slate-900 border border-white/10 rounded-3xl p-6 shadow-2xl relative"[39m
  [33mdata-testid[39m=[32m"cliente-form"[39m
[36m>[39m
  [36m<form[39m
    [33mclass[39m=[32m"flex flex-col gap-8"[39m
    [33mdata-testid[39m=[32m"cliente-form"[39m
  [36m>[39m
    [36m<section[39m
      [33mclass[39m=[32m"rf-card-premium rf-ui-form-section"[39m
    [36m>[39m
      [36m<div[39m
        [33mclass[39m=[32m"rf-ui-form-section__head flex flex-col md:flex-row md:items-center justify-between gap-4 mb-8"[39m
      [36m>[39m
        [36m<div[39m
          [33mclass[39m=[32m"space-y-1"[39m
        [36m>[39m
          [36m<h3[39m
            [33mclass[39m=[32m"text-xl lg:text-2xl tracking-tight font-black text-primary text-left uppercase tracking-tight text-lg"[39m
          [36m>[39m
            [0mEssencial[0m
          [36m</h3>[39m
          [36m<p[39m
            [33mclass[39m=[32m"text-sm leading-snug font-normal text-muted text-left max-w-xl"[39m
          [36m>[39m
            [0mIdentificação e contato para o time conseguir atender e vender.[0m
          [36m</p>[39m
        [36m</div>[39m
        [36m<div[39m
          [33mclass[39m=[32m"rf-ui-form-section__aside"[39m
        [36m>[39m
          [36m<span[39m
            [33mclass[39m=[32m"inline-flex items-center px-2 py-0.5 rounded-full text-[10px] font-black uppercase tracking-wider border bg-blue-500/10 text-blue-400 border-blue-500/20"[39m
          [36m>[39m
            [0mObrigatório primeiro[0m
          [36m</span>[39m
        [36m</div>[39m
      [36m</div>[39m
      [36m<div[39m
        [33mclass[39m=[32m"rf-ui-form-section__body"[39m
      [36m>[39m
        [36m<div[39m
          [33mclass[39m=[32m"grid grid-cols-1 md:grid-cols-2 gap-4"[39m
        [36m>[39m
          [36m<div[39m
            [33mclass[39m=[32m"rf-ui-form-field "[39m
          [36m>[39m
            [36m<label[39m
              [33mclass[39m=[32m"rf-ui-form-field__label"[39m
              [33mfor[39m=[32m"input-0ya4yg8"[39m
            [36m>[39m
              [0mNome / Razão social[0m
              [36m<span[39m
                [33mclass[39m=[32m"rf-ui-form-field__required"[39m
              [36m>[39m
                [0m*[0m
              [36m</span>[39m
            [36m</label>[39m
            [36m<div[39m
              [33mclass[39m=[32m"rf-ui-form-field__control"[39m
            [36m>[39m
              [36m<input[39m
                [33mclass[39m=[32m"rf-input-premium  "[39m
                [33mdata-testid[39m=[32m"form-nome"[39m
                [33mid[39m=[32m"input-0ya4yg8"[39m
                [33mname[39m=[32m"nome"[39m
                [33mrequired[39m=[32m""[39m
              [36m/>[39m
            [36m</div>[39m
          [36m</div>[39m
          [36m<div[39m
            [33mclass[39m=[32m"rf-ui-form-field "[39m
          [36m>[39m
            [36m<label[39m
              [33mclass[39m=[32m"rf-ui-form-field__label"[39m
              [33mfor[39m=[32m"input-ezh3t8j"[39m
            [36m>[39m
              [0mApelido / Fantasia[0m
            [36m</label>[39m
            [36m<div[39m
              [33mclass[39m=[32m"rf-ui-form-field__control"[39m
            [36m>[39m
              [36m<input[39m
                [33mclass[39m=[32m"rf-input-premium  "[39m
                [33mdata-testid[39m=[32m"form-apelido"[39m
                [33mid[39m=[32m"input-ezh3t8j"[39m
                [33mname[39m=[32m"apelido"[39m
                [33mplaceholder[39m=[32m"Como a equipe identifica esse cliente no dia a dia"[39m
              [36m/>[39m
            [36m</div>[39m
            [36m<p[39m
              [33mclass[39m=[32m"text-[10px] text-slate-400 mt-1 italic"[39m
            [36m>[39m
              [0mComo a equipe identifica esse cliente no dia a dia.[0m
            [36m</p>[39m
          [36m</div>[39m
        [36m</div>[39m
        [36m<div[39m
          [33mclass[39m=[32m"grid grid-cols-1 md:grid-cols-3 gap-4"[39m
        [36m>[39m
          [36m<div[39m
            [33mclass[39m=[32m"rf-ui-form-field "[39m
          [36m>[39m
            [36m<label[39m
              [33mclass[39m=[32m"rf-ui-form-field__label"[39m
              [33mfor[39m=[32m"input-ifv5kt3"[39m
            [36m>[39m
              [0mCPF / CNPJ[0m
            [36m</label>[39m
            [36m<div[39m
              [33mclass[39m=[32m"rf-ui-form-field__control"[39m
            [36m>[39m
              [36m<input[39m
                [33mclass[39m=[32m"rf-input-premium  "[39m
                [33mdata-testid[39m=[32m"form-doc"[39m
                [33mid[39m=[32m"input-ifv5kt3"[39m
                [33minputmode[39m=[32m"numeric"[39m
                [33mname[39m=[32m"doc"[39m
                [33mplaceholder[39m=[32m"Somente numeros ou documento completo"[39m
              [36m/>[39m
            [36m</div>[39m
            [36m<p[39m
              [33mclass[39m=[32m"text-[10px] text-slate-400 mt-1 italic"[39m
            [36m>[39m
              [0mAceita CPF ou CNPJ; a formatação entra ao sair do campo.[0m
            [36m</p>[39m
          [36m</div>[39m
          [36m<div[39m
            [33mclass[39m=[32m"rf-ui-form-field "[39m
          [36m>[39m
            [36m<label[39m
              [33mclass[39m=[32m"rf-ui-form-field__label"[39m
              [33mfor[39m=[32m"select-3vl4fdh"[39m
            [36m>[39m
              [0mTipo[0m
            [36m</label>[39m
            [36m<div[39m
              [33mclass[39m=[32m"rf-ui-form-field__control"[39m
            [36m>[39m
              [36m<select[39m
                [33mclass[39m=[32m"rf-input-premium  "[39m
                [33mid[39m=[32m"select-3vl4fdh"[39m
                [33mname[39m=[32m"tipo"[39m
              [36m>[39m
                [36m<option[39m
                  [33mvalue[39m=[32m"PJ"[39m
                [36m>[39m
                  [0mPJ[0m
                [36m</option>[39m
                [36m<option[39m
                  [33mvalue[39m=[32m"PF"[39m
                [36m>[39m
                  [0mPF[0m
                [36m</option>[39m
              [36m</select>[39m
            [36m</div>[39m
          [36m</div>[39m
          [36m<div[39m
            [33mclass[39m=[32m"rf-ui-form-field "[39m
          [36m>[39m
            [36m<label[39m
              [33mclass[39m=[32m"rf-ui-form-field__label"[39m
              [33mfor[39m=[32m"select-854dznw"[39m
            [36m>[39m
              [0mStatus[0m
            [36m</label>[39m
            [36m<div[39m
              [33mclass[39m=[32m"rf-ui-form-field__control...

Ignored nodes: comments, script, style
[36m<form[39m
  [33mclass[39m=[32m"flex flex-col gap-8"[39m
  [33mdata-testid[39m=[32m"cliente-form"[39m
[36m>[39m
  [36m<section[39m
    [33mclass[39m=[32m"rf-card-premium rf-ui-form-section"[39m
  [36m>[39m
    [36m<div[39m
      [33mclass[39m=[32m"rf-ui-form-section__head flex flex-col md:flex-row md:items-center justify-between gap-4 mb-8"[39m
    [36m>[39m
      [36m<div[39m
        [33mclass[39m=[32m"space-y-1"[39m
      [36m>[39m
        [36m<h3[39m
          [33mclass[39m=[32m"text-xl lg:text-2xl tracking-tight font-black text-primary text-left uppercase tracking-tight text-lg"[39m
        [36m>[39m
          [0mEssencial[0m
        [36m</h3>[39m
        [36m<p[39m
          [33mclass[39m=[32m"text-sm leading-snug font-normal text-muted text-left max-w-xl"[39m
        [36m>[39m
          [0mIdentificação e contato para o time conseguir atender e vender.[0m
        [36m</p>[39m
      [36m</div>[39m
      [36m<div[39m
        [33mclass[39m=[32m"rf-ui-form-section__aside"[39m
      [36m>[39m
        [36m<span[39m
          [33mclass[39m=[32m"inline-flex items-center px-2 py-0.5 rounded-full text-[10px] font-black uppercase tracking-wider border bg-blue-500/10 text-blue-400 border-blue-500/20"[39m
        [36m>[39m
          [0mObrigatório primeiro[0m
        [36m</span>[39m
      [36m</div>[39m
    [36m</div>[39m
    [36m<div[39m
      [33mclass[39m=[32m"rf-ui-form-section__body"[39m
    [36m>[39m
      [36m<div[39m
        [33mclass[39m=[32m"grid grid-cols-1 md:grid-cols-2 gap-4"[39m
      [36m>[39m
        [36m<div[39m
          [33mclass[39m=[32m"rf-ui-form-field "[39m
        [36m>[39m
          [36m<label[39m
            [33mclass[39m=[32m"rf-ui-form-field__label"[39m
            [33mfor[39m=[32m"input-0ya4yg8"[39m
          [36m>[39m
            [0mNome / Razão social[0m
            [36m<span[39m
              [33mclass[39m=[32m"rf-ui-form-field__required"[39m
            [36m>[39m
              [0m*[0m
            [36m</span>[39m
          [36m</label>[39m
          [36m<div[39m
            [33mclass[39m=[32m"rf-ui-form-field__control"[39m
          [36m>[39m
            [36m<input[39m
              [33mclass[39m=[32m"rf-input-premium  "[39m
              [33mdata-testid[39m=[32m"form-nome"[39m
              [33mid[39m=[32m"input-0ya4yg8"[39m
              [33mname[39m=[32m"nome"[39m
              [33mrequired[39m=[32m""[39m
            [36m/>[39m
          [36m</div>[39m
        [36m</div>[39m
        [36m<div[39m
          [33mclass[39m=[32m"rf-ui-form-field "[39m
        [36m>[39m
          [36m<label[39m
            [33mclass[39m=[32m"rf-ui-form-field__label"[39m
            [33mfor[39m=[32m"input-ezh3t8j"[39m
          [36m>[39m
            [0mApelido / Fantasia[0m
          [36m</label>[39m
          [36m<div[39m
            [33mclass[39m=[32m"rf-ui-form-field__control"[39m
          [36m>[39m
            [36m<input[39m
              [33mclass[39m=[32m"rf-input-premium  "[39m
              [33mdata-testid[39m=[32m"form-apelido"[39m
              [33mid[39m=[32m"input-ezh3t8j"[39m
              [33mname[39m=[32m"apelido"[39m
              [33mplaceholder[39m=[32m"Como a equipe identifica esse cliente no dia a dia"[39m
            [36m/>[39m
          [36m</div>[39m
          [36m<p[39m
            [33mclass[39m=[32m"text-[10px] text-slate-400 mt-1 italic"[39m
          [36m>[39m
            [0mComo a equipe identifica esse cliente no dia a dia.[0m
          [36m</p>[39m
        [36m</div>[39m
      [36m</div>[39m
      [36m<div[39m
        [33mclass[39m=[32m"grid grid-cols-1 md:grid-cols-3 gap-4"[39m
      [36m>[39m
        [36m<div[39m
          [33mclass[39m=[32m"rf-ui-form-field "[39m
        [36m>[39m
          [36m<label[39m
            [33mclass[39m=[32m"rf-ui-form-field__label"[39m
            [33mfor[39m=[32m"input-ifv5kt3"[39m
          [36m>[39m
            [0mCPF / CNPJ[0m
          [36m</label>[39m
          [36m<div[39m
            [33mclass[39m=[32m"rf-ui-form-field__control"[39m
          [36m>[39m
            [36m<input[39m
              [33mclass[39m=[32m"rf-input-premium  "[39m
              [33mdata-testid[39m=[32m"form-doc"[39m
              [33mid[39m=[32m"input-ifv5kt3"[39m
              [33minputmode[39m=[32m"numeric"[39m
              [33mname[39m=[32m"doc"[39m
              [33mplaceholder[39m=[32m"Somente numeros ou documento completo"[39m
            [36m/>[39m
          [36m</div>[39m
          [36m<p[39m
            [33mclass[39m=[32m"text-[10px] text-slate-400 mt-1 italic"[39m
          [36m>[39m
            [0mAceita CPF ou CNPJ; a formatação entra ao sair do campo.[0m
          [36m</p>[39m
        [36m</div>[39m
        [36m<div[39m
          [33mclass[39m=[32m"rf-ui-form-field "[39m
        [36m>[39m
          [36m<label[39m
            [33mclass[39m=[32m"rf-ui-form-field__label"[39m
            [33mfor[39m=[32m"select-3vl4fdh"[39m
          [36m>[39m
            [0mTipo[0m
          [36m</label>[39m
          [36m<div[39m
            [33mclass[39m=[32m"rf-ui-form-field__control"[39m
          [36m>[39m
            [36m<select[39m
              [33mclass[39m=[32m"rf-input-premium  "[39m
              [33mid[39m=[32m"select-3vl4fdh"[39m
              [33mname[39m=[32m"tipo"[39m
            [36m>[39m
              [36m<option[39m
                [33mvalue[39m=[32m"PJ"[39m
              [36m>[39m
                [0mPJ[0m
              [36m</option>[39m
              [36m<option[39m
                [33mvalue[39m=[32m"PF"[39m
              [36m>[39m
                [0mPF[0m
              [36m</option>[39m
            [36m</select>[39m
          [36m</div>[39m
        [36m</div>[39m
        [36m<div[39m
          [33mclass[39m=[32m"rf-ui-form-field "[39m
        [36m>[39m
          [36m<label[39m
            [33mclass[39m=[32m"rf-ui-form-field__label"[39m
            [33mfor[39m=[32m"select-854dznw"[39m
          [36m>[39m
            [0mStatus[0m
          [36m</label>[39m
          [36m<div[39m
            [33mclass[39m=[32m"rf-ui-form-field__control"[39m
          [36m>[39m
            [36m<select[39m
              [33mclass[39m=[32m"rf-input-premium  "[39m
              [33mid[39m=[32m"select-854dznw"[39m
              [33mname[39m=[32m"status"[39m
            [36m>[39m
              [36m<option[39m
                [33mvalue[39m=[32m"ativo"[39m
              [36m>[39m
                [0mAtivo[0m
              [36m</option>[39m
              [36m<option[39m
                [33mvalue[39m=[32m"prospecto"[39m
              [36m>[39m
                [0mPr...

(If this is intentional, then use the `*AllBy*` variant of the query (like `queryAllByText`, `getAllByText`, or `findAllByText`)).

Ignored nodes: comments, script, style
[36m<body[39m
  [33mstyle[39m=[32m""[39m
[36m>[39m
  [36m<div>[39m
    [36m<div[39m
      [33mclass[39m=[32m"flex-1 w-full flex flex-col gap-8"[39m
      [33mdata-testid[39m=[32m"clientes-pilot-page"[39m
    [36m>[39m
      [36m<header[39m
        [33mclass[39m=[32m"flex flex-col gap-4 border-b border-white/5 pb-6 mb-6"[39m
      [36m>[39m
        [36m<div[39m
          [33mclass[39m=[32m"flex flex-col md:flex-row md:items-center justify-between gap-4"[39m
        [36m>[39m
          [36m<div[39m
            [33mclass[39m=[32m"flex flex-col gap-1 min-w-0 flex-1"[39m
          [36m>[39m
            [36m<div[39m
              [33mclass[39m=[32m"text-[10px] font-black uppercase tracking-[0.25em] text-teal-400 mb-0.5 opacity-90"[39m
            [36m>[39m
              [0mRelacionamento[0m
            [36m</div>[39m
            [36m<h1[39m
              [33mclass[39m=[32m"text-xl md:text-2xl font-black text-white tracking-tight leading-none m-0 font-['Plus_Jakarta_Sans']"[39m
            [36m>[39m
              [0mClientes[0m
            [36m</h1>[39m
            [36m<p[39m
              [33mclass[39m=[32m"text-sm text-slate-400 mt-1.5 mb-0 leading-relaxed max-w-4xl font-medium"[39m
            [36m>[39m
              [0mAcompanhe a base de clientes, revise segmentos e abra cadastro ou detalhe sem sair da rotina operacional.[0m
            [36m</p>[39m
          [36m</div>[39m
          [36m<div[39m
            [33mclass[39m=[32m"flex items-center gap-4 shrink-0"[39m
          [36m>[39m
            [36m<div[39m
              [33mclass[39m=[32m"flex items-center gap-6"[39m
            [36m>[39m
              [36m<div[39m
                [33mclass[39m=[32m"rf-pill-group "[39m
              [36m>[39m
                [36m<button[39m
                  [33mclass[39m=[32m"rf-pill is-active"[39m
                  [33mtype[39m=[32m"button"[39m
                [36m>[39m
                  [0mLista[0m
                [36m</button>[39m
                [36m<button[39m
                  [33mclass[39m=[32m"rf-pill "[39m
                  [33mtype[39m=[32m"button"[39m
                [36m>[39m
                  [0mSegmentos[0m
                [36m</button>[39m
              [36m</div>[39m
              [36m<div[39m
                [33mclass[39m=[32m"h-8 w-px bg-white/10 mx-1"[39m
              [36m/>[39m
              [36m<button[39m
                [33mclass[39m=[32m"rf-btn-premium rf-btn-premium--primary"[39m
                [33mdata-testid[39m=[32m"novo-btn"[39m
              [36m>[39m
                [0mNovo cliente[0m
              [36m</button>[39m
            [36m</div>[39m
          [36m</div>[39m
        [36m</div>[39m
        [36m<div[39m
          [33mclass[39m=[32m"flex items-center gap-4 py-2 px-3 bg-slate-900/50 rounded-lg border border-slate-700/50 w-fit"[39m
        [36m>[39m
          [36m<p[39m
            [33mclass[39m=[32m"text-[11px] font-bold uppercase tracking-widest font-bold text-muted text-left bg-white/5 px-3 py-1.5 rounded-xl border border-white/5"[39m
          [36m>[39m
            [0m1[0m
            [0m no total · página [0m
            [0m1[0m
            [0m de [0m
            [0m1[0m
          [36m</p>[39m
        [36m</div>[39m
      [36m</header>[39m
      [36m<div>[39m
        [36m<div[39m
          [33mclass[39m=[32m"mb-2"[39m
          [33mdata-testid[39m=[32m"clientes-toolbar"[39m
        [36m>[39m
          [36m<section[39m
            [33maria-label[39m=[32m"Filtros"[39m
            [33mclass[39m=[32m"rf-ui-filter-bar"[39m
          [36m>[39m
            [36m<div[39m
              [33mclass[39m=[32m"rf-ui-filter-bar__fields"[39m
            [36m>[39m
              [36m<div[39m
                [33mclass[39m=[32m"relative flex items-center group"[39m
                [33mstyle[39m=[32m"min-width: 240px; flex: 1 1 0%;"[39m
              [36m>[39m
                [36m<svg[39m
                  [33maria-hidden[39m=[32m"true"[39m
                  [33mclass[39m=[32m"lucide lucide-search absolute left-3 w-4 h-4 text-slate-400 group-focus-within:text-teal-500 transition-colors"[39m
                  [33mfill[39m=[32m"none"[39m
                  [33mheight[39m=[32m"24"[39m
                  [33mstroke[39m=[32m"currentColor"[39m
                  [33mstroke-linecap[39m=[32m"round"[39m
                  [33mstroke-linejoin[39m=[32m"round"[39m
                  [33mstroke-width[39m=[32m"2"[39m
                  [33mviewBox[39m=[32m"0 0 24 24"[39m
                  [33mwidth[39m=[32m"24"[39m
                  [33mxmlns[39m=[32m"http://www.w3.org/2000/svg"[39m
                [36m>[39m
                  [36m<path[39m
                    [33md[39m=[32m"m21 21-4.34-4.34"[39m
                  [36m/>[39m
                  [36m<circle[39m
                    [33mcx[39m=[32m"11"[39m
                    [33mcy[39m=[32m"11"[39m
                    [33mr[39m=[32m"8"[39m
                  [36m/>[39m
                [36m</svg>[39m
                [36m<input[39m
                  [33maria-label[39m=[32m"Buscar clientes"[39m
                  [33mclass[39m=[32m"rf-input-premium !pl-10 !h-10 w-full !bg-white/5 backdrop-blur-sm focus:border-teal-500 focus:ring-teal-500/20 transition-colors"[39m
                  [33mdata-testid[39m=[32m"busca-input"[39m
                  [33mplaceholder[39m=[32m"Buscar cliente..."[39m
                  [33mtype[39m=[32m"search"[39m
                  [33mvalue[39m=[32m""[39m
                [36m/>[39m
              [36m</div>[39m
              [36m<select[39m
                [33maria-label[39m=[32m"Filtrar por segmento"[39m
                [33mclass[39m=[32m"rf-input-premium !h-10 !py-0 !pr-10 !bg-white/5 backdrop-blur-sm focus:border-teal-500 transition-colors cursor-pointer"[39m
                [33mdata-testid[39m=[32m"seg-select"[39m
              [36m>[39m
                [36m<option[39m
                  [33mvalue[39m=[32m""[39m
                [36m>[39m
                  [0mSegmento[0m
                [36m</option>[39m
                [36m<option[39m
                  [33mvalue[39m=[32m"Varejo"[39m
                [36m>[39m
                  [0mVarejo[0m
                [36m</option>[39m
              [36m</select>[39m
              [36m<select[39m
                [33maria-label[39m=[32m"Filtrar por status"[39m
                [33mclass[39m=[32m"rf-input-premium !h-10 !py-0 !pr-10 !bg-white/5 backdrop-blur-sm focus:border-teal-500 transition-colors cursor-pointer"[39m
                [33mdata-testid[39m=[32m"status-select"[39m
              [36m>[39m
                [36m<option[39m
                  [33mvalue[39m=[32m""[39m
   ...

Ignored nodes: comments, script, style
[36m<body[39m
  [33mstyle[39m=[32m""[39m
[36m>[39m
  [36m<div>[39m
    [36m<div[39m
      [33mclass[39m=[32m"flex-1 w-full flex flex-col gap-8"[39m
      [33mdata-testid[39m=[32m"clientes-pilot-page"[39m
    [36m>[39m
      [36m<header[39m
        [33mclass[39m=[32m"flex flex-col gap-4 border-b border-white/5 pb-6 mb-6"[39m
      [36m>[39m
        [36m<div[39m
          [33mclass[39m=[32m"flex flex-col md:flex-row md:items-center justify-between gap-4"[39m
        [36m>[39m
          [36m<div[39m
            [33mclass[39m=[32m"flex flex-col gap-1 min-w-0 flex-1"[39m
          [36m>[39m
            [36m<div[39m
              [33mclass[39m=[32m"text-[10px] font-black uppercase tracking-[0.25em] text-teal-400 mb-0.5 opacity-90"[39m
            [36m>[39m
              [0mRelacionamento[0m
            [36m</div>[39m
            [36m<h1[39m
              [33mclass[39m=[32m"text-xl md:text-2xl font-black text-white tracking-tight leading-none m-0 font-['Plus_Jakarta_Sans']"[39m
            [36m>[39m
              [0mClientes[0m
            [36m</h1>[39m
            [36m<p[39m
              [33mclass[39m=[32m"text-sm text-slate-400 mt-1.5 mb-0 leading-relaxed max-w-4xl font-medium"[39m
            [36m>[39m
              [0mAcompanhe a base de clientes, revise segmentos e abra cadastro ou detalhe sem sair da rotina operacional.[0m
            [36m</p>[39m
          [36m</div>[39m
          [36m<div[39m
            [33mclass[39m=[32m"flex items-center gap-4 shrink-0"[39m
          [36m>[39m
            [36m<div[39m
              [33mclass[39m=[32m"flex items-center gap-6"[39m
            [36m>[39m
              [36m<div[39m
                [33mclass[39m=[32m"rf-pill-group "[39m
              [36m>[39m
                [36m<button[39m
                  [33mclass[39m=[32m"rf-pill is-active"[39m
                  [33mtype[39m=[32m"button"[39m
                [36m>[39m
                  [0mLista[0m
                [36m</button>[39m
                [36m<button[39m
                  [33mclass[39m=[32m"rf-pill "[39m
                  [33mtype[39m=[32m"button"[39m
                [36m>[39m
                  [0mSegmentos[0m
                [36m</button>[39m
              [36m</div>[39m
              [36m<div[39m
                [33mclass[39m=[32m"h-8 w-px bg-white/10 mx-1"[39m
              [36m/>[39m
              [36m<button[39m
                [33mclass[39m=[32m"rf-btn-premium rf-btn-premium--primary"[39m
                [33mdata-testid[39m=[32m"novo-btn"[39m
              [36m>[39m
                [0mNovo cliente[0m
              [36m</button>[39m
            [36m</div>[39m
          [36m</div>[39m
        [36m</div>[39m
        [36m<div[39m
          [33mclass[39m=[32m"flex items-center gap-4 py-2 px-3 bg-slate-900/50 rounded-lg border border-slate-700/50 w-fit"[39m
        [36m>[39m
          [36m<p[39m
            [33mclass[39m=[32m"text-[11px] font-bold uppercase tracking-widest font-bold text-muted text-left bg-white/5 px-3 py-1.5 rounded-xl border border-white/5"[39m
          [36m>[39m
            [0m1[0m
            [0m no total · página [0m
            [0m1[0m
            [0m de [0m
            [0m1[0m
          [36m</p>[39m
        [36m</div>[39m
      [36m</header>[39m
      [36m<div>[39m
        [36m<div[39m
          [33mclass[39m=[32m"mb-2"[39m
          [33mdata-testid[39m=[32m"clientes-toolbar"[39m
        [36m>[39m
          [36m<section[39m
            [33maria-label[39m=[32m"Filtros"[39m
            [33mclass[39m=[32m"rf-ui-filter-bar"[39m
          [36m>[39m
            [36m<div[39m
              [33mclass[39m=[32m"rf-ui-filter-bar__fields"[39m
            [36m>[39m
              [36m<div[39m
                [33mclass[39m=[32m"relative flex items-center group"[39m
                [33mstyle[39m=[32m"min-width: 240px; flex: 1 1 0%;"[39m
              [36m>[39m
                [36m<svg[39m
                  [33maria-hidden[39m=[32m"true"[39m
                  [33mclass[39m=[32m"lucide lucide-search absolute left-3 w-4 h-4 text-slate-400 group-focus-within:text-teal-500 transition-colors"[39m
                  [33mfill[39m=[32m"none"[39m
                  [33mheight[39m=[32m"24"[39m
                  [33mstroke[39m=[32m"currentColor"[39m
                  [33mstroke-linecap[39m=[32m"round"[39m
                  [33mstroke-linejoin[39m=[32m"round"[39m
                  [33mstroke-width[39m=[32m"2"[39m
                  [33mviewBox[39m=[32m"0 0 24 24"[39m
                  [33mwidth[39m=[32m"24"[39m
                  [33mxmlns[39m=[32m"http://www.w3.org/2000/svg"[39m
                [36m>[39m
                  [36m<path[39m
                    [33md[39m=[32m"m21 21-4.34-4.34"[39m
                  [36m/>[39m
                  [36m<circle[39m
                    [33mcx[39m=[32m"11"[39m
                    [33mcy[39m=[32m"11"[39m
                    [33mr[39m=[32m"8"[39m
                  [36m/>[39m
                [36m</svg>[39m
                [36m<input[39m
                  [33maria-label[39m=[32m"Buscar clientes"[39m
                  [33mclass[39m=[32m"rf-input-premium !pl-10 !h-10 w-full !bg-white/5 backdrop-blur-sm focus:border-teal-500 focus:ring-teal-500/20 transition-colors"[39m
                  [33mdata-testid[39m=[32m"busca-input"[39m
                  [33mplaceholder[39m=[32m"Buscar cliente..."[39m
                  [33mtype[39m=[32m"search"[39m
                  [33mvalue[39m=[32m""[39m
                [36m/>[39m
              [36m</div>[39m
              [36m<select[39m
                [33maria-label[39m=[32m"Filtrar por segmento"[39m
                [33mclass[39m=[32m"rf-input-premium !h-10 !py-0 !pr-10 !bg-white/5 backdrop-blur-sm focus:border-teal-500 transition-colors cursor-pointer"[39m
                [33mdata-testid[39m=[32m"seg-select"[39m
              [36m>[39m
                [36m<option[39m
                  [33mvalue[39m=[32m""[39m
                [36m>[39m
                  [0mSegmento[0m
                [36m</option>[39m
                [36m<option[39m
                  [33mvalue[39m=[32m"Varejo"[39m
                [36m>[39m
                  [0mVarejo[0m
                [36m</option>[39m
              [36m</select>[39m
              [36m<select[39m
                [33maria-label[39m=[32m"Filtrar por status"[39m
                [33mclass[39m=[32m"rf-input-premium !h-10 !py-0 !pr-10 !bg-white/5 backdrop-blur-sm focus:border-teal-500 transition-colors cursor-pointer"[39m
                [33mdata-testid[39m=[32m"status-select"[39m
              [36m>[39m
                [36m<option[39m
                  [33mvalue[39m=[32m""[39m
   ...
[90m [2m❯[22m waitForWrapper node_modules/@testing-library/dom/dist/wait-for.js:[2m163:27[22m[39m
[90m [2m❯[22m node_modules/@testing-library/dom/dist/query-helpers.js:[2m86:33[22m[39m
[36m [2m❯[22m src/react/features/clientes/components/ClientesPilotPage.test.tsx:[2m326:25[22m[39m
    [90m324|[39m     [35mawait[39m userEvent[33m.[39m[34mclick[39m(screen[33m.[39m[34mgetByTestId[39m([32m'novo-btn'[39m))[33m;[39m
    [90m325|[39m
    [90m326|[39m     expect(await screen.findByTestId('cliente-form')).toBeInTheDocumen…
    [90m   |[39m                         [31m^[39m
    [90m327|[39m   })[33m;[39m
    [90m328|[39m

[31m[2m⎯⎯⎯⎯⎯⎯⎯⎯⎯⎯⎯⎯⎯⎯⎯⎯⎯⎯⎯⎯⎯⎯⎯⎯[1/2]⎯[22m[39m

[41m[1m FAIL [22m[49m src/react/features/clientes/components/ClientesPilotPage.test.tsx[2m > [22mClientesPilotPage[2m > [22mabre formulario de edicao via menu de acoes
[31m[1mTestingLibraryElementError[22m[39m: Found multiple elements by: [data-testid="cliente-form"]

Here are the matching elements:

Ignored nodes: comments, script, style
[36m<div[39m
  [33mclass[39m=[32m"w-full max-w-4xl max-h-[90vh] overflow-y-auto bg-slate-900 border border-white/10 rounded-3xl p-6 shadow-2xl relative"[39m
  [33mdata-testid[39m=[32m"cliente-form"[39m
[36m>[39m
  [36m<form[39m
    [33mclass[39m=[32m"flex flex-col gap-8"[39m
    [33mdata-testid[39m=[32m"cliente-form"[39m
  [36m>[39m
    [36m<section[39m
      [33mclass[39m=[32m"rf-card-premium rf-ui-form-section"[39m
    [36m>[39m
      [36m<div[39m
        [33mclass[39m=[32m"rf-ui-form-section__head flex flex-col md:flex-row md:items-center justify-between gap-4 mb-8"[39m
      [36m>[39m
        [36m<div[39m
          [33mclass[39m=[32m"space-y-1"[39m
        [36m>[39m
          [36m<h3[39m
            [33mclass[39m=[32m"text-xl lg:text-2xl tracking-tight font-black text-primary text-left uppercase tracking-tight text-lg"[39m
          [36m>[39m
            [0mEssencial[0m
          [36m</h3>[39m
          [36m<p[39m
            [33mclass[39m=[32m"text-sm leading-snug font-normal text-muted text-left max-w-xl"[39m
          [36m>[39m
            [0mIdentificação e contato para o time conseguir atender e vender.[0m
          [36m</p>[39m
        [36m</div>[39m
        [36m<div[39m
          [33mclass[39m=[32m"rf-ui-form-section__aside"[39m
        [36m>[39m
          [36m<span[39m
            [33mclass[39m=[32m"inline-flex items-center px-2 py-0.5 rounded-full text-[10px] font-black uppercase tracking-wider border bg-blue-500/10 text-blue-400 border-blue-500/20"[39m
          [36m>[39m
            [0mObrigatório primeiro[0m
          [36m</span>[39m
        [36m</div>[39m
      [36m</div>[39m
      [36m<div[39m
        [33mclass[39m=[32m"rf-ui-form-section__body"[39m
      [36m>[39m
        [36m<div[39m
          [33mclass[39m=[32m"grid grid-cols-1 md:grid-cols-2 gap-4"[39m
        [36m>[39m
          [36m<div[39m
            [33mclass[39m=[32m"rf-ui-form-field "[39m
          [36m>[39m
            [36m<label[39m
              [33mclass[39m=[32m"rf-ui-form-field__label"[39m
              [33mfor[39m=[32m"input-zw5ey0a"[39m
            [36m>[39m
              [0mNome / Razão social[0m
              [36m<span[39m
                [33mclass[39m=[32m"rf-ui-form-field__required"[39m
              [36m>[39m
                [0m*[0m
              [36m</span>[39m
            [36m</label>[39m
            [36m<div[39m
              [33mclass[39m=[32m"rf-ui-form-field__control"[39m
            [36m>[39m
              [36m<input[39m
                [33mclass[39m=[32m"rf-input-premium  "[39m
                [33mdata-testid[39m=[32m"form-nome"[39m
                [33mid[39m=[32m"input-zw5ey0a"[39m
                [33mname[39m=[32m"nome"[39m
                [33mrequired[39m=[32m""[39m
              [36m/>[39m
            [36m</div>[39m
          [36m</div>[39m
          [36m<div[39m
            [33mclass[39m=[32m"rf-ui-form-field "[39m
          [36m>[39m
            [36m<label[39m
              [33mclass[39m=[32m"rf-ui-form-field__label"[39m
              [33mfor[39m=[32m"input-qch4dqy"[39m
            [36m>[39m
              [0mApelido / Fantasia[0m
            [36m</label>[39m
            [36m<div[39m
              [33mclass[39m=[32m"rf-ui-form-field__control"[39m
            [36m>[39m
              [36m<input[39m
                [33mclass[39m=[32m"rf-input-premium  "[39m
                [33mdata-testid[39m=[32m"form-apelido"[39m
                [33mid[39m=[32m"input-qch4dqy"[39m
                [33mname[39m=[32m"apelido"[39m
                [33mplaceholder[39m=[32m"Como a equipe identifica esse cliente no dia a dia"[39m
              [36m/>[39m
            [36m</div>[39m
            [36m<p[39m
              [33mclass[39m=[32m"text-[10px] text-slate-400 mt-1 italic"[39m
            [36m>[39m
              [0mComo a equipe identifica esse cliente no dia a dia.[0m
            [36m</p>[39m
          [36m</div>[39m
        [36m</div>[39m
        [36m<div[39m
          [33mclass[39m=[32m"grid grid-cols-1 md:grid-cols-3 gap-4"[39m
        [36m>[39m
          [36m<div[39m
            [33mclass[39m=[32m"rf-ui-form-field "[39m
          [36m>[39m
            [36m<label[39m
              [33mclass[39m=[32m"rf-ui-form-field__label"[39m
              [33mfor[39m=[32m"input-yhhr2bb"[39m
            [36m>[39m
              [0mCPF / CNPJ[0m
            [36m</label>[39m
            [36m<div[39m
              [33mclass[39m=[32m"rf-ui-form-field__control"[39m
            [36m>[39m
              [36m<input[39m
                [33mclass[39m=[32m"rf-input-premium  "[39m
                [33mdata-testid[39m=[32m"form-doc"[39m
                [33mid[39m=[32m"input-yhhr2bb"[39m
                [33minputmode[39m=[32m"numeric"[39m
                [33mname[39m=[32m"doc"[39m
                [33mplaceholder[39m=[32m"Somente numeros ou documento completo"[39m
              [36m/>[39m
            [36m</div>[39m
            [36m<p[39m
              [33mclass[39m=[32m"text-[10px] text-slate-400 mt-1 italic"[39m
            [36m>[39m
              [0mAceita CPF ou CNPJ; a formatação entra ao sair do campo.[0m
            [36m</p>[39m
          [36m</div>[39m
          [36m<div[39m
            [33mclass[39m=[32m"rf-ui-form-field "[39m
          [36m>[39m
            [36m<label[39m
              [33mclass[39m=[32m"rf-ui-form-field__label"[39m
              [33mfor[39m=[32m"select-pi3pevs"[39m
            [36m>[39m
              [0mTipo[0m
            [36m</label>[39m
            [36m<div[39m
              [33mclass[39m=[32m"rf-ui-form-field__control"[39m
            [36m>[39m
              [36m<select[39m
                [33mclass[39m=[32m"rf-input-premium  "[39m
                [33mid[39m=[32m"select-pi3pevs"[39m
                [33mname[39m=[32m"tipo"[39m
              [36m>[39m
                [36m<option[39m
                  [33mvalue[39m=[32m"PJ"[39m
                [36m>[39m
                  [0mPJ[0m
                [36m</option>[39m
                [36m<option[39m
                  [33mvalue[39m=[32m"PF"[39m
                [36m>[39m
                  [0mPF[0m
                [36m</option>[39m
              [36m</select>[39m
            [36m</div>[39m
          [36m</div>[39m
          [36m<div[39m
            [33mclass[39m=[32m"rf-ui-form-field "[39m
          [36m>[39m
            [36m<label[39m
              [33mclass[39m=[32m"rf-ui-form-field__label"[39m
              [33mfor[39m=[32m"select-2gplqhg"[39m
            [36m>[39m
              [0mStatus[0m
            [36m</label>[39m
            [36m<div[39m
              [33mclass[39m=[32m"rf-ui-form-field__control...

Ignored nodes: comments, script, style
[36m<form[39m
  [33mclass[39m=[32m"flex flex-col gap-8"[39m
  [33mdata-testid[39m=[32m"cliente-form"[39m
[36m>[39m
  [36m<section[39m
    [33mclass[39m=[32m"rf-card-premium rf-ui-form-section"[39m
  [36m>[39m
    [36m<div[39m
      [33mclass[39m=[32m"rf-ui-form-section__head flex flex-col md:flex-row md:items-center justify-between gap-4 mb-8"[39m
    [36m>[39m
      [36m<div[39m
        [33mclass[39m=[32m"space-y-1"[39m
      [36m>[39m
        [36m<h3[39m
          [33mclass[39m=[32m"text-xl lg:text-2xl tracking-tight font-black text-primary text-left uppercase tracking-tight text-lg"[39m
        [36m>[39m
          [0mEssencial[0m
        [36m</h3>[39m
        [36m<p[39m
          [33mclass[39m=[32m"text-sm leading-snug font-normal text-muted text-left max-w-xl"[39m
        [36m>[39m
          [0mIdentificação e contato para o time conseguir atender e vender.[0m
        [36m</p>[39m
      [36m</div>[39m
      [36m<div[39m
        [33mclass[39m=[32m"rf-ui-form-section__aside"[39m
      [36m>[39m
        [36m<span[39m
          [33mclass[39m=[32m"inline-flex items-center px-2 py-0.5 rounded-full text-[10px] font-black uppercase tracking-wider border bg-blue-500/10 text-blue-400 border-blue-500/20"[39m
        [36m>[39m
          [0mObrigatório primeiro[0m
        [36m</span>[39m
      [36m</div>[39m
    [36m</div>[39m
    [36m<div[39m
      [33mclass[39m=[32m"rf-ui-form-section__body"[39m
    [36m>[39m
      [36m<div[39m
        [33mclass[39m=[32m"grid grid-cols-1 md:grid-cols-2 gap-4"[39m
      [36m>[39m
        [36m<div[39m
          [33mclass[39m=[32m"rf-ui-form-field "[39m
        [36m>[39m
          [36m<label[39m
            [33mclass[39m=[32m"rf-ui-form-field__label"[39m
            [33mfor[39m=[32m"input-zw5ey0a"[39m
          [36m>[39m
            [0mNome / Razão social[0m
            [36m<span[39m
              [33mclass[39m=[32m"rf-ui-form-field__required"[39m
            [36m>[39m
              [0m*[0m
            [36m</span>[39m
          [36m</label>[39m
          [36m<div[39m
            [33mclass[39m=[32m"rf-ui-form-field__control"[39m
          [36m>[39m
            [36m<input[39m
              [33mclass[39m=[32m"rf-input-premium  "[39m
              [33mdata-testid[39m=[32m"form-nome"[39m
              [33mid[39m=[32m"input-zw5ey0a"[39m
              [33mname[39m=[32m"nome"[39m
              [33mrequired[39m=[32m""[39m
            [36m/>[39m
          [36m</div>[39m
        [36m</div>[39m
        [36m<div[39m
          [33mclass[39m=[32m"rf-ui-form-field "[39m
        [36m>[39m
          [36m<label[39m
            [33mclass[39m=[32m"rf-ui-form-field__label"[39m
            [33mfor[39m=[32m"input-qch4dqy"[39m
          [36m>[39m
            [0mApelido / Fantasia[0m
          [36m</label>[39m
          [36m<div[39m
            [33mclass[39m=[32m"rf-ui-form-field__control"[39m
          [36m>[39m
            [36m<input[39m
              [33mclass[39m=[32m"rf-input-premium  "[39m
              [33mdata-testid[39m=[32m"form-apelido"[39m
              [33mid[39m=[32m"input-qch4dqy"[39m
              [33mname[39m=[32m"apelido"[39m
              [33mplaceholder[39m=[32m"Como a equipe identifica esse cliente no dia a dia"[39m
            [36m/>[39m
          [36m</div>[39m
          [36m<p[39m
            [33mclass[39m=[32m"text-[10px] text-slate-400 mt-1 italic"[39m
          [36m>[39m
            [0mComo a equipe identifica esse cliente no dia a dia.[0m
          [36m</p>[39m
        [36m</div>[39m
      [36m</div>[39m
      [36m<div[39m
        [33mclass[39m=[32m"grid grid-cols-1 md:grid-cols-3 gap-4"[39m
      [36m>[39m
        [36m<div[39m
          [33mclass[39m=[32m"rf-ui-form-field "[39m
        [36m>[39m
          [36m<label[39m
            [33mclass[39m=[32m"rf-ui-form-field__label"[39m
            [33mfor[39m=[32m"input-yhhr2bb"[39m
          [36m>[39m
            [0mCPF / CNPJ[0m
          [36m</label>[39m
          [36m<div[39m
            [33mclass[39m=[32m"rf-ui-form-field__control"[39m
          [36m>[39m
            [36m<input[39m
              [33mclass[39m=[32m"rf-input-premium  "[39m
              [33mdata-testid[39m=[32m"form-doc"[39m
              [33mid[39m=[32m"input-yhhr2bb"[39m
              [33minputmode[39m=[32m"numeric"[39m
              [33mname[39m=[32m"doc"[39m
              [33mplaceholder[39m=[32m"Somente numeros ou documento completo"[39m
            [36m/>[39m
          [36m</div>[39m
          [36m<p[39m
            [33mclass[39m=[32m"text-[10px] text-slate-400 mt-1 italic"[39m
          [36m>[39m
            [0mAceita CPF ou CNPJ; a formatação entra ao sair do campo.[0m
          [36m</p>[39m
        [36m</div>[39m
        [36m<div[39m
          [33mclass[39m=[32m"rf-ui-form-field "[39m
        [36m>[39m
          [36m<label[39m
            [33mclass[39m=[32m"rf-ui-form-field__label"[39m
            [33mfor[39m=[32m"select-pi3pevs"[39m
          [36m>[39m
            [0mTipo[0m
          [36m</label>[39m
          [36m<div[39m
            [33mclass[39m=[32m"rf-ui-form-field__control"[39m
          [36m>[39m
            [36m<select[39m
              [33mclass[39m=[32m"rf-input-premium  "[39m
              [33mid[39m=[32m"select-pi3pevs"[39m
              [33mname[39m=[32m"tipo"[39m
            [36m>[39m
              [36m<option[39m
                [33mvalue[39m=[32m"PJ"[39m
              [36m>[39m
                [0mPJ[0m
              [36m</option>[39m
              [36m<option[39m
                [33mvalue[39m=[32m"PF"[39m
              [36m>[39m
                [0mPF[0m
              [36m</option>[39m
            [36m</select>[39m
          [36m</div>[39m
        [36m</div>[39m
        [36m<div[39m
          [33mclass[39m=[32m"rf-ui-form-field "[39m
        [36m>[39m
          [36m<label[39m
            [33mclass[39m=[32m"rf-ui-form-field__label"[39m
            [33mfor[39m=[32m"select-2gplqhg"[39m
          [36m>[39m
            [0mStatus[0m
          [36m</label>[39m
          [36m<div[39m
            [33mclass[39m=[32m"rf-ui-form-field__control"[39m
          [36m>[39m
            [36m<select[39m
              [33mclass[39m=[32m"rf-input-premium  "[39m
              [33mid[39m=[32m"select-2gplqhg"[39m
              [33mname[39m=[32m"status"[39m
            [36m>[39m
              [36m<option[39m
                [33mvalue[39m=[32m"ativo"[39m
              [36m>[39m
                [0mAtivo[0m
              [36m</option>[39m
              [36m<option[39m
                [33mvalue[39m=[32m"prospecto"[39m
              [36m>[39m
                [0mPr...

(If this is intentional, then use the `*AllBy*` variant of the query (like `queryAllByText`, `getAllByText`, or `findAllByText`)).

Ignored nodes: comments, script, style
[36m<body[39m
  [33mstyle[39m=[32m""[39m
[36m>[39m
  [36m<div>[39m
    [36m<div[39m
      [33mclass[39m=[32m"flex-1 w-full flex flex-col gap-8"[39m
      [33mdata-testid[39m=[32m"clientes-pilot-page"[39m
    [36m>[39m
      [36m<header[39m
        [33mclass[39m=[32m"flex flex-col gap-4 border-b border-white/5 pb-6 mb-6"[39m
      [36m>[39m
        [36m<div[39m
          [33mclass[39m=[32m"flex flex-col md:flex-row md:items-center justify-between gap-4"[39m
        [36m>[39m
          [36m<div[39m
            [33mclass[39m=[32m"flex flex-col gap-1 min-w-0 flex-1"[39m
          [36m>[39m
            [36m<div[39m
              [33mclass[39m=[32m"text-[10px] font-black uppercase tracking-[0.25em] text-teal-400 mb-0.5 opacity-90"[39m
            [36m>[39m
              [0mRelacionamento[0m
            [36m</div>[39m
            [36m<h1[39m
              [33mclass[39m=[32m"text-xl md:text-2xl font-black text-white tracking-tight leading-none m-0 font-['Plus_Jakarta_Sans']"[39m
            [36m>[39m
              [0mClientes[0m
            [36m</h1>[39m
            [36m<p[39m
              [33mclass[39m=[32m"text-sm text-slate-400 mt-1.5 mb-0 leading-relaxed max-w-4xl font-medium"[39m
            [36m>[39m
              [0mAcompanhe a base de clientes, revise segmentos e abra cadastro ou detalhe sem sair da rotina operacional.[0m
            [36m</p>[39m
          [36m</div>[39m
          [36m<div[39m
            [33mclass[39m=[32m"flex items-center gap-4 shrink-0"[39m
          [36m>[39m
            [36m<div[39m
              [33mclass[39m=[32m"flex items-center gap-6"[39m
            [36m>[39m
              [36m<div[39m
                [33mclass[39m=[32m"rf-pill-group "[39m
              [36m>[39m
                [36m<button[39m
                  [33mclass[39m=[32m"rf-pill is-active"[39m
                  [33mtype[39m=[32m"button"[39m
                [36m>[39m
                  [0mLista[0m
                [36m</button>[39m
                [36m<button[39m
                  [33mclass[39m=[32m"rf-pill "[39m
                  [33mtype[39m=[32m"button"[39m
                [36m>[39m
                  [0mSegmentos[0m
                [36m</button>[39m
              [36m</div>[39m
              [36m<div[39m
                [33mclass[39m=[32m"h-8 w-px bg-white/10 mx-1"[39m
              [36m/>[39m
              [36m<button[39m
                [33mclass[39m=[32m"rf-btn-premium rf-btn-premium--primary"[39m
                [33mdata-testid[39m=[32m"novo-btn"[39m
              [36m>[39m
                [0mNovo cliente[0m
              [36m</button>[39m
            [36m</div>[39m
          [36m</div>[39m
        [36m</div>[39m
        [36m<div[39m
          [33mclass[39m=[32m"flex items-center gap-4 py-2 px-3 bg-slate-900/50 rounded-lg border border-slate-700/50 w-fit"[39m
        [36m>[39m
          [36m<p[39m
            [33mclass[39m=[32m"text-[11px] font-bold uppercase tracking-widest font-bold text-muted text-left bg-white/5 px-3 py-1.5 rounded-xl border border-white/5"[39m
          [36m>[39m
            [0m1[0m
            [0m no total · página [0m
            [0m1[0m
            [0m de [0m
            [0m1[0m
          [36m</p>[39m
        [36m</div>[39m
      [36m</header>[39m
      [36m<div>[39m
        [36m<div[39m
          [33mclass[39m=[32m"mb-2"[39m
          [33mdata-testid[39m=[32m"clientes-toolbar"[39m
        [36m>[39m
          [36m<section[39m
            [33maria-label[39m=[32m"Filtros"[39m
            [33mclass[39m=[32m"rf-ui-filter-bar"[39m
          [36m>[39m
            [36m<div[39m
              [33mclass[39m=[32m"rf-ui-filter-bar__fields"[39m
            [36m>[39m
              [36m<div[39m
                [33mclass[39m=[32m"relative flex items-center group"[39m
                [33mstyle[39m=[32m"min-width: 240px; flex: 1 1 0%;"[39m
              [36m>[39m
                [36m<svg[39m
                  [33maria-hidden[39m=[32m"true"[39m
                  [33mclass[39m=[32m"lucide lucide-search absolute left-3 w-4 h-4 text-slate-400 group-focus-within:text-teal-500 transition-colors"[39m
                  [33mfill[39m=[32m"none"[39m
                  [33mheight[39m=[32m"24"[39m
                  [33mstroke[39m=[32m"currentColor"[39m
                  [33mstroke-linecap[39m=[32m"round"[39m
                  [33mstroke-linejoin[39m=[32m"round"[39m
                  [33mstroke-width[39m=[32m"2"[39m
                  [33mviewBox[39m=[32m"0 0 24 24"[39m
                  [33mwidth[39m=[32m"24"[39m
                  [33mxmlns[39m=[32m"http://www.w3.org/2000/svg"[39m
                [36m>[39m
                  [36m<path[39m
                    [33md[39m=[32m"m21 21-4.34-4.34"[39m
                  [36m/>[39m
                  [36m<circle[39m
                    [33mcx[39m=[32m"11"[39m
                    [33mcy[39m=[32m"11"[39m
                    [33mr[39m=[32m"8"[39m
                  [36m/>[39m
                [36m</svg>[39m
                [36m<input[39m
                  [33maria-label[39m=[32m"Buscar clientes"[39m
                  [33mclass[39m=[32m"rf-input-premium !pl-10 !h-10 w-full !bg-white/5 backdrop-blur-sm focus:border-teal-500 focus:ring-teal-500/20 transition-colors"[39m
                  [33mdata-testid[39m=[32m"busca-input"[39m
                  [33mplaceholder[39m=[32m"Buscar cliente..."[39m
                  [33mtype[39m=[32m"search"[39m
                  [33mvalue[39m=[32m""[39m
                [36m/>[39m
              [36m</div>[39m
              [36m<select[39m
                [33maria-label[39m=[32m"Filtrar por segmento"[39m
                [33mclass[39m=[32m"rf-input-premium !h-10 !py-0 !pr-10 !bg-white/5 backdrop-blur-sm focus:border-teal-500 transition-colors cursor-pointer"[39m
                [33mdata-testid[39m=[32m"seg-select"[39m
              [36m>[39m
                [36m<option[39m
                  [33mvalue[39m=[32m""[39m
                [36m>[39m
                  [0mSegmento[0m
                [36m</option>[39m
                [36m<option[39m
                  [33mvalue[39m=[32m"Varejo"[39m
                [36m>[39m
                  [0mVarejo[0m
                [36m</option>[39m
              [36m</select>[39m
              [36m<select[39m
                [33maria-label[39m=[32m"Filtrar por status"[39m
                [33mclass[39m=[32m"rf-input-premium !h-10 !py-0 !pr-10 !bg-white/5 backdrop-blur-sm focus:border-teal-500 transition-colors cursor-pointer"[39m
                [33mdata-testid[39m=[32m"status-select"[39m
              [36m>[39m
                [36m<option[39m
                  [33mvalue[39m=[32m""[39m
   ...

Ignored nodes: comments, script, style
[36m<body[39m
  [33mstyle[39m=[32m""[39m
[36m>[39m
  [36m<div>[39m
    [36m<div[39m
      [33mclass[39m=[32m"flex-1 w-full flex flex-col gap-8"[39m
      [33mdata-testid[39m=[32m"clientes-pilot-page"[39m
    [36m>[39m
      [36m<header[39m
        [33mclass[39m=[32m"flex flex-col gap-4 border-b border-white/5 pb-6 mb-6"[39m
      [36m>[39m
        [36m<div[39m
          [33mclass[39m=[32m"flex flex-col md:flex-row md:items-center justify-between gap-4"[39m
        [36m>[39m
          [36m<div[39m
            [33mclass[39m=[32m"flex flex-col gap-1 min-w-0 flex-1"[39m
          [36m>[39m
            [36m<div[39m
              [33mclass[39m=[32m"text-[10px] font-black uppercase tracking-[0.25em] text-teal-400 mb-0.5 opacity-90"[39m
            [36m>[39m
              [0mRelacionamento[0m
            [36m</div>[39m
            [36m<h1[39m
              [33mclass[39m=[32m"text-xl md:text-2xl font-black text-white tracking-tight leading-none m-0 font-['Plus_Jakarta_Sans']"[39m
            [36m>[39m
              [0mClientes[0m
            [36m</h1>[39m
            [36m<p[39m
              [33mclass[39m=[32m"text-sm text-slate-400 mt-1.5 mb-0 leading-relaxed max-w-4xl font-medium"[39m
            [36m>[39m
              [0mAcompanhe a base de clientes, revise segmentos e abra cadastro ou detalhe sem sair da rotina operacional.[0m
            [36m</p>[39m
          [36m</div>[39m
          [36m<div[39m
            [33mclass[39m=[32m"flex items-center gap-4 shrink-0"[39m
          [36m>[39m
            [36m<div[39m
              [33mclass[39m=[32m"flex items-center gap-6"[39m
            [36m>[39m
              [36m<div[39m
                [33mclass[39m=[32m"rf-pill-group "[39m
              [36m>[39m
                [36m<button[39m
                  [33mclass[39m=[32m"rf-pill is-active"[39m
                  [33mtype[39m=[32m"button"[39m
                [36m>[39m
                  [0mLista[0m
                [36m</button>[39m
                [36m<button[39m
                  [33mclass[39m=[32m"rf-pill "[39m
                  [33mtype[39m=[32m"button"[39m
                [36m>[39m
                  [0mSegmentos[0m
                [36m</button>[39m
              [36m</div>[39m
              [36m<div[39m
                [33mclass[39m=[32m"h-8 w-px bg-white/10 mx-1"[39m
              [36m/>[39m
              [36m<button[39m
                [33mclass[39m=[32m"rf-btn-premium rf-btn-premium--primary"[39m
                [33mdata-testid[39m=[32m"novo-btn"[39m
              [36m>[39m
                [0mNovo cliente[0m
              [36m</button>[39m
            [36m</div>[39m
          [36m</div>[39m
        [36m</div>[39m
        [36m<div[39m
          [33mclass[39m=[32m"flex items-center gap-4 py-2 px-3 bg-slate-900/50 rounded-lg border border-slate-700/50 w-fit"[39m
        [36m>[39m
          [36m<p[39m
            [33mclass[39m=[32m"text-[11px] font-bold uppercase tracking-widest font-bold text-muted text-left bg-white/5 px-3 py-1.5 rounded-xl border border-white/5"[39m
          [36m>[39m
            [0m1[0m
            [0m no total · página [0m
            [0m1[0m
            [0m de [0m
            [0m1[0m
          [36m</p>[39m
        [36m</div>[39m
      [36m</header>[39m
      [36m<div>[39m
        [36m<div[39m
          [33mclass[39m=[32m"mb-2"[39m
          [33mdata-testid[39m=[32m"clientes-toolbar"[39m
        [36m>[39m
          [36m<section[39m
            [33maria-label[39m=[32m"Filtros"[39m
            [33mclass[39m=[32m"rf-ui-filter-bar"[39m
          [36m>[39m
            [36m<div[39m
              [33mclass[39m=[32m"rf-ui-filter-bar__fields"[39m
            [36m>[39m
              [36m<div[39m
                [33mclass[39m=[32m"relative flex items-center group"[39m
                [33mstyle[39m=[32m"min-width: 240px; flex: 1 1 0%;"[39m
              [36m>[39m
                [36m<svg[39m
                  [33maria-hidden[39m=[32m"true"[39m
                  [33mclass[39m=[32m"lucide lucide-search absolute left-3 w-4 h-4 text-slate-400 group-focus-within:text-teal-500 transition-colors"[39m
                  [33mfill[39m=[32m"none"[39m
                  [33mheight[39m=[32m"24"[39m
                  [33mstroke[39m=[32m"currentColor"[39m
                  [33mstroke-linecap[39m=[32m"round"[39m
                  [33mstroke-linejoin[39m=[32m"round"[39m
                  [33mstroke-width[39m=[32m"2"[39m
                  [33mviewBox[39m=[32m"0 0 24 24"[39m
                  [33mwidth[39m=[32m"24"[39m
                  [33mxmlns[39m=[32m"http://www.w3.org/2000/svg"[39m
                [36m>[39m
                  [36m<path[39m
                    [33md[39m=[32m"m21 21-4.34-4.34"[39m
                  [36m/>[39m
                  [36m<circle[39m
                    [33mcx[39m=[32m"11"[39m
                    [33mcy[39m=[32m"11"[39m
                    [33mr[39m=[32m"8"[39m
                  [36m/>[39m
                [36m</svg>[39m
                [36m<input[39m
                  [33maria-label[39m=[32m"Buscar clientes"[39m
                  [33mclass[39m=[32m"rf-input-premium !pl-10 !h-10 w-full !bg-white/5 backdrop-blur-sm focus:border-teal-500 focus:ring-teal-500/20 transition-colors"[39m
                  [33mdata-testid[39m=[32m"busca-input"[39m
                  [33mplaceholder[39m=[32m"Buscar cliente..."[39m
                  [33mtype[39m=[32m"search"[39m
                  [33mvalue[39m=[32m""[39m
                [36m/>[39m
              [36m</div>[39m
              [36m<select[39m
                [33maria-label[39m=[32m"Filtrar por segmento"[39m
                [33mclass[39m=[32m"rf-input-premium !h-10 !py-0 !pr-10 !bg-white/5 backdrop-blur-sm focus:border-teal-500 transition-colors cursor-pointer"[39m
                [33mdata-testid[39m=[32m"seg-select"[39m
              [36m>[39m
                [36m<option[39m
                  [33mvalue[39m=[32m""[39m
                [36m>[39m
                  [0mSegmento[0m
                [36m</option>[39m
                [36m<option[39m
                  [33mvalue[39m=[32m"Varejo"[39m
                [36m>[39m
                  [0mVarejo[0m
                [36m</option>[39m
              [36m</select>[39m
              [36m<select[39m
                [33maria-label[39m=[32m"Filtrar por status"[39m
                [33mclass[39m=[32m"rf-input-premium !h-10 !py-0 !pr-10 !bg-white/5 backdrop-blur-sm focus:border-teal-500 transition-colors cursor-pointer"[39m
                [33mdata-testid[39m=[32m"status-select"[39m
              [36m>[39m
                [36m<option[39m
                  [33mvalue[39m=[32m""[39m
   ...
[90m [2m❯[22m waitForWrapper node_modules/@testing-library/dom/dist/wait-for.js:[2m163:27[22m[39m
[90m [2m❯[22m node_modules/@testing-library/dom/dist/query-helpers.js:[2m86:33[22m[39m
[36m [2m❯[22m src/react/features/clientes/components/ClientesPilotPage.test.tsx:[2m336:25[22m[39m
    [90m334|[39m     [35mawait[39m userEvent[33m.[39m[34mclick[39m(screen[33m.[39m[34mgetByText[39m([32m'Editar'[39m))[33m;[39m
    [90m335|[39m
    [90m336|[39m     expect(await screen.findByTestId('cliente-form')).toBeInTheDocumen…
    [90m   |[39m                         [31m^[39m
    [90m337|[39m     [34mexpect[39m(screen[33m.[39m[34mgetByTestId[39m([32m'form-nome'[39m))[33m.[39m[34mtoHaveValue[39m([32m'Maria Souza'[39m)[33m;[39m
    [90m338|[39m   })[33m;[39m

[31m[2m⎯⎯⎯⎯⎯⎯⎯⎯⎯⎯⎯⎯⎯⎯⎯⎯⎯⎯⎯⎯⎯⎯⎯⎯[2/2]⎯[22m[39m


[2m Test Files [22m [1m[31m1 failed[39m[22m[90m (1)[39m
[2m      Tests [22m [1m[31m2 failed[39m[22m[2m | [22m[1m[32m7 passed[39m[22m[90m (9)[39m
[2m   Start at [22m 18:15:37
[2m   Duration [22m 3.68s[2m (transform 150ms, setup 68ms, import 391ms, tests 2.62s, environment 508ms)[22m

